Renesas Optimizing Linker (W3.07.00 )             25-Aug-2025 09:37:17

*** Options ***

-MAKEUD=DefaultBuild\Sample_Project_RH850_S1_CAN_FD_MultiCHv2.lk.ud
-subcommand=DefaultBuild\Sample_Project_RH850_S1_CAN_FD_MultiCHv2.clnk
-input=DefaultBuild\boot.obj
-input=DefaultBuild\cstart.obj
-input=DefaultBuild\Config_OSTM0.obj
-input=DefaultBuild\Config_OSTM0_user.obj
-input=DefaultBuild\Config_TAUJ0_0.obj
-input=DefaultBuild\Config_TAUJ0_0_user.obj
-input=DefaultBuild\r_cg_cgc.obj
-input=DefaultBuild\r_cg_cgc_user.obj
-input=DefaultBuild\r_cg_intvector.obj
-input=DefaultBuild\r_cg_main.obj
-input=DefaultBuild\r_cg_systeminit.obj
-input=DefaultBuild\r_smc_interrupt.obj
-input=DefaultBuild\r_smc_intprg.obj
-input=DefaultBuild\Pin.obj
-input=DefaultBuild\custom_func.obj
-input=DefaultBuild\misc_config.obj
-input=DefaultBuild\Config_UART0.obj
-input=DefaultBuild\Config_UART0_user.obj
-input=DefaultBuild\retarget.obj
-input=DefaultBuild\can.obj
-input=DefaultBuild\r_port.obj
-debug
-nocompress
-NOOPtimize
-output=DefaultBuild\Sample_Project_RH850_S1_CAN_FD_MultiCHv2.abs
-library=v850e3v5\rhf4n.lib
-library=v850e3v5\libmalloc.lib
-list=DefaultBuild\Sample_Project_RH850_S1_CAN_FD_MultiCHv2.map
-show=all
-start=RESET/0,EIINTTBL.const/00000200,.const,.INIT_DSEC.const,.INIT_BSEC.const,.text,.data,privateData.const,privateData.data/00008000,.data.R,.bss,.stack.bss,privateData.bss/FEDE8000
-rom=.data=.data.R
-total_size
-nologo
-end

*** Error information ***

*** Mapping List ***

SECTION                            START      END         SIZE   ALIGN
RESET
                                  00000000  000001f7       1f8   200
EIINTTBL.const
                                  00000200  00000797       598   4
.const
                                  00008000  0000921f      1220   4
.INIT_DSEC.const
                                  00009220  0000922b         c   4
.INIT_BSEC.const
                                  0000922c  00009233         8   4
.text
                                  00009234  0001bc6b     12a38   2
.data
                                  0001bc6c  0001bd0d        a2   4
privateData.const
                                  0001bd10  0001bd10         1   4
privateData.data
                                  0001bd14  0001bd14         1   4
.data.R
                                  fede8000  fede80a1        a2   4
.bss
                                  fede80a4  fedee109      6066   4
.stack.bss
                                  fedee10c  fedee90b       800   4
privateData.bss
                                  fedee90c  fedee90c         1   4

*** Total Section Size ***

RAMDATA SECTION:  00006909 Byte(s)
ROMDATA SECTION:  00001870 Byte(s)
PROGRAM SECTION:  00012c30 Byte(s)

*** Symbol List ***

SECTION=
FILE=                               START        END    SIZE
  SYMBOL                            ADDR        SIZE    INFO      COUNTS  OPT
    STRUCT                                      SIZE
      MEMBER                        ADDR        SIZE    INFO

SECTION=RESET
FILE=DefaultBuild\boot.obj
                                  00000000  000001f7       1f8

SECTION=EIINTTBL.const
FILE=DefaultBuild\r_cg_intvector.obj
                                  00000200  00000797       598
  _INT_Vectors
                                  00000200       598   data ,g         0

SECTION=.const
FILE=DefaultBuild\custom_func.obj
                                  00008000  000080a9        aa
FILE=DefaultBuild\misc_config.obj
                                  000080ac  00008199        ee
FILE=DefaultBuild\retarget.obj
                                  0000819c  000081a2         7
FILE=DefaultBuild\can.obj
                                  000081a4  0000909f       efc
  _can_bus_parameter_ch0
                                  000081a4        2c   data ,g         7
    struct _can_bus_parameter_t {
                                                  2c
      _can_bus_parameter_ch0.CAN_CH
                                  000081a4         4   enum
      _can_bus_parameter_ch0.CAN_MODE
                                  000081a8         4   enum
      _can_bus_parameter_ch0.CAN_RX_FIFO_BUFFER_NUM
                                  000081ac         4   enum
      _can_bus_parameter_ch0.NBRP
                                  000081b0         4   enum
      _can_bus_parameter_ch0.NTSEG1
                                  000081b4         4   enum
      _can_bus_parameter_ch0.NTSEG2
                                  000081b8         4   enum
      _can_bus_parameter_ch0.NSJW
                                  000081bc         4   enum
      _can_bus_parameter_ch0.DBRP
                                  000081c0         4   enum
      _can_bus_parameter_ch0.DTSEG1
                                  000081c4         4   enum
      _can_bus_parameter_ch0.DTSEG2
                                  000081c8         4   enum
      _can_bus_parameter_ch0.DSJW
                                  000081cc         4   enum
    }
  _can_bus_rx_rule_tbl_ch0
                                  000081d0       100   data ,g         2
    struct _can_rx_rule_table_t {
                                                  10
      _can_bus_rx_rule_tbl_ch0.GAFLID
                                  000081d0         4   unsigned long:1d(3)
      _can_bus_rx_rule_tbl_ch0.GAFLLB
                                  000081d3         1   unsigned char:1(2)
      _can_bus_rx_rule_tbl_ch0.GAFLRTR
                                  000081d3         1   unsigned char:1(1)
      _can_bus_rx_rule_tbl_ch0.GAFLIDE
                                  000081d3         1   unsigned char:1(0)
      _can_bus_rx_rule_tbl_ch0.GAFLIDM
                                  000081d4         4   unsigned long:1d(3)
      _can_bus_rx_rule_tbl_ch0.Reserved0
                                  000081d7         1   unsigned char:1(2)
      _can_bus_rx_rule_tbl_ch0.GAFLRTRM
                                  000081d7         1   unsigned char:1(1)
      _can_bus_rx_rule_tbl_ch0.GAFLIDEM
                                  000081d7         1   unsigned char:1(0)
      _can_bus_rx_rule_tbl_ch0.GAFLDLC
                                  000081d8         1   unsigned char:4(4)
      _can_bus_rx_rule_tbl_ch0.Reserved1
                                  000081d8         1   unsigned char:4(0)
      _can_bus_rx_rule_tbl_ch0.GAFLRMDP
                                  000081d9         1   unsigned char:7(1)
      _can_bus_rx_rule_tbl_ch0.GAFLRMV
                                  000081d9         1   unsigned char:1(0)
      _can_bus_rx_rule_tbl_ch0.GAFLPTR
                                  000081da         2   unsigned short:10(0)
      _can_bus_rx_rule_tbl_ch0.GAFLFDP_x
                                  000081dc         2   unsigned short:10(0)
      _can_bus_rx_rule_tbl_ch0.GAFLFDP_k
                                  000081de         2   unsigned short:10(0)
    }
  _can_bus_parameter_ch2
                                  000082d0        2c   data ,g         7
    struct _can_bus_parameter_t {
                                                  2c
      _can_bus_parameter_ch2.CAN_CH
                                  000082d0         4   enum
      _can_bus_parameter_ch2.CAN_MODE
                                  000082d4         4   enum
      _can_bus_parameter_ch2.CAN_RX_FIFO_BUFFER_NUM
                                  000082d8         4   enum
      _can_bus_parameter_ch2.NBRP
                                  000082dc         4   enum
      _can_bus_parameter_ch2.NTSEG1
                                  000082e0         4   enum
      _can_bus_parameter_ch2.NTSEG2
                                  000082e4         4   enum
      _can_bus_parameter_ch2.NSJW
                                  000082e8         4   enum
      _can_bus_parameter_ch2.DBRP
                                  000082ec         4   enum
      _can_bus_parameter_ch2.DTSEG1
                                  000082f0         4   enum
      _can_bus_parameter_ch2.DTSEG2
                                  000082f4         4   enum
      _can_bus_parameter_ch2.DSJW
                                  000082f8         4   enum
    }
  _can_bus_rx_rule_tbl_ch2
                                  000082fc       100   data ,g         2
    struct _can_rx_rule_table_t {
                                                  10
      _can_bus_rx_rule_tbl_ch2.GAFLID
                                  000082fc         4   unsigned long:1d(3)
      _can_bus_rx_rule_tbl_ch2.GAFLLB
                                  000082ff         1   unsigned char:1(2)
      _can_bus_rx_rule_tbl_ch2.GAFLRTR
                                  000082ff         1   unsigned char:1(1)
      _can_bus_rx_rule_tbl_ch2.GAFLIDE
                                  000082ff         1   unsigned char:1(0)
      _can_bus_rx_rule_tbl_ch2.GAFLIDM
                                  00008300         4   unsigned long:1d(3)
      _can_bus_rx_rule_tbl_ch2.Reserved0
                                  00008303         1   unsigned char:1(2)
      _can_bus_rx_rule_tbl_ch2.GAFLRTRM
                                  00008303         1   unsigned char:1(1)
      _can_bus_rx_rule_tbl_ch2.GAFLIDEM
                                  00008303         1   unsigned char:1(0)
      _can_bus_rx_rule_tbl_ch2.GAFLDLC
                                  00008304         1   unsigned char:4(4)
      _can_bus_rx_rule_tbl_ch2.Reserved1
                                  00008304         1   unsigned char:4(0)
      _can_bus_rx_rule_tbl_ch2.GAFLRMDP
                                  00008305         1   unsigned char:7(1)
      _can_bus_rx_rule_tbl_ch2.GAFLRMV
                                  00008305         1   unsigned char:1(0)
      _can_bus_rx_rule_tbl_ch2.GAFLPTR
                                  00008306         2   unsigned short:10(0)
      _can_bus_rx_rule_tbl_ch2.GAFLFDP_x
                                  00008308         2   unsigned short:10(0)
      _can_bus_rx_rule_tbl_ch2.GAFLFDP_k
                                  0000830a         2   unsigned short:10(0)
    }
  _g_can_cfg.3
                                  000085c4        38   data ,l         1
    struct  {
                                                  1c
      _g_can_cfg.3.p
                                  000085c4         4   [pointer]
      _g_can_cfg.3.parameter
                                  000085c8         4   [pointer]
      _g_can_cfg.3.rx_rule_tbl
                                  000085cc         4   [pointer]
      _g_can_cfg.3.rx_rule_count
                                  000085d0         2   unsigned short
      _g_can_cfg.3.depth
                                  000085d4         4   enum
      _g_can_cfg.3.payload
                                  000085d8         4   enum
      _g_can_cfg.3.int_timing
                                  000085dc         4   enum
    }
  _n.4.CAN_GetConfig
                                  000085fc         4   data ,l         2
FILE=DefaultBuild\r_port.obj
                                  000090a0  0000921f       180
  _PortList.1
                                  000090a0       180   data ,l        1f
    struct pregs_t {
                                                  40
      _PortList.1.P_Reg
                                  000090a0         4   [pointer]
      _PortList.1.PNOT_Reg
                                  000090a4         4   [pointer]
      _PortList.1.PM_Reg
                                  000090a8         4   [pointer]
      _PortList.1.PMC_Reg
                                  000090ac         4   [pointer]
      _PortList.1.PFC_Reg
                                  000090b0         4   [pointer]
      _PortList.1.PFCE_Reg
                                  000090b4         4   [pointer]
      _PortList.1.PFCAE_Reg
                                  000090b8         4   [pointer]
      _PortList.1.PIPC_Reg
                                  000090bc         4   [pointer]
      _PortList.1.PIBC_Reg
                                  000090c0         4   [pointer]
      _PortList.1.PPR_Reg
                                  000090c4         4   [pointer]
      _PortList.1.PD_Reg
                                  000090c8         4   [pointer]
      _PortList.1.PU_Reg
                                  000090cc         4   [pointer]
      _PortList.1.PODC_Reg
                                  000090d0         4   [pointer]
      _PortList.1.PDSC_Reg
                                  000090d4         4   [pointer]
      _PortList.1.PPROTS_Reg
                                  000090d8         4   [pointer]
      _PortList.1.PPCMD_Reg
                                  000090dc         4   [pointer]
    }

SECTION=.INIT_DSEC.const
FILE=DefaultBuild\cstart.obj
                                  00009220  0000922b         c

SECTION=.INIT_BSEC.const
FILE=DefaultBuild\cstart.obj
                                  0000922c  00009233         8

SECTION=.text
FILE=DefaultBuild\boot.obj
                                  00009234  000092cd        9a
  _Dummy
                                  00009234         0   none ,l         d
  _Dummy_EI
                                  00009236         0   none ,l        14
  __start
                                  00009238         0   none ,l         1
  _hdwinit
                                  00009292         0   none ,l         1
  _zeroclr4
                                  000092a8         0   none ,l         2
  _set_table_reference_method
                                  000092b6         0   none ,l         1
FILE=DefaultBuild\cstart.obj
                                  000092ce  0000933f        72
  __cstart
                                  000092ce         0   none ,g         1
  _exit
                                  0000933e         0   none ,l         2
FILE=DefaultBuild\Config_OSTM0.obj
                                  00009340  000093c3        84
  _R_Config_OSTM0_Create
                                  00009340        48   func ,g         1
  _R_Config_OSTM0_Start
                                  00009388        12   func ,g         2
  _R_Config_OSTM0_Stop
                                  0000939a        22   func ,g         1
  _R_Config_OSTM0_Set_CompareValue
                                  000093bc         8   func ,g         0
FILE=DefaultBuild\Config_OSTM0_user.obj
                                  000093c4  00009465        a2
  _R_Config_OSTM0_Create_UserInit
                                  000093c4         2   func ,g         1
  _r_Config_OSTM0_interrupt
                                  000093c6        a0   func ,g         1
FILE=DefaultBuild\Config_TAUJ0_0.obj
                                  00009466  000095a1       13c
  _R_Config_TAUJ0_0_Create
                                  00009466        fa   func ,g         1
  _R_Config_TAUJ0_0_Start
                                  00009560        1a   func ,g         1
  _R_Config_TAUJ0_0_Stop
                                  0000957a        28   func ,g         0
FILE=DefaultBuild\Config_TAUJ0_0_user.obj
                                  000095a2  00009643        a2
  _R_Config_TAUJ0_0_Create_UserInit
                                  000095a2         2   func ,g         1
  _r_Config_TAUJ0_0_interrupt
                                  000095a4        a0   func ,g         1
FILE=DefaultBuild\r_cg_cgc.obj
                                  00009644  00009b23       4e0
  _R_CGC_Create
                                  00009644       4e0   func ,g         1
FILE=DefaultBuild\r_cg_cgc_user.obj
                                  00009b24  00009b25         2
  _R_CGC_Create_UserInit
                                  00009b24         2   func ,g         1
FILE=DefaultBuild\r_cg_main.obj
                                  00009b26  00009b4b        26
  _main
                                  00009b26        12   func ,g         1
  _r_main_userinit
                                  00009b38        14   func ,g         1
FILE=DefaultBuild\r_cg_systeminit.obj
                                  00009b4c  00009b63        18
  _R_Systeminit
                                  00009b4c        18   func ,g         1
FILE=DefaultBuild\r_smc_interrupt.obj
                                  00009b64  00009b81        1e
  _R_Interrupt_Create
                                  00009b64         2   func ,g         0
  _eiint23_enable_interrupt
                                  00009b66         e   func ,g         0
  _eiint23_disable_interrupt
                                  00009b74         e   func ,g         0
FILE=DefaultBuild\r_smc_intprg.obj
                                  00009b82  00017b4f      dfce
  _snooze
                                  00009b82         6   func ,g         0
  _unused_isr
                                  00009b88         8   func ,g       166
  _eiint0
                                  00009b90        a0   func ,g         1
  _eiint1
                                  00009c30        a0   func ,g         1
  _eiint2
                                  00009cd0        a0   func ,g         1
  _eiint3
                                  00009d70        a0   func ,g         1
  _eiint4
                                  00009e10        a0   func ,g         1
  _eiint5
                                  00009eb0        a0   func ,g         1
  _eiint6
                                  00009f50        a0   func ,g         1
  _eiint7
                                  00009ff0        a0   func ,g         1
  _eiint8
                                  0000a090        a0   func ,g         1
  _eiint9
                                  0000a130        a0   func ,g         1
  _eiint10
                                  0000a1d0        a0   func ,g         1
  _eiint11
                                  0000a270        a0   func ,g         1
  _eiint12
                                  0000a310        a0   func ,g         1
  _eiint13
                                  0000a3b0        a0   func ,g         1
  _eiint14
                                  0000a450        a0   func ,g         1
  _eiint15
                                  0000a4f0        a0   func ,g         1
  _eiint16
                                  0000a590        a0   func ,g         1
  _eiint17
                                  0000a630        a0   func ,g         1
  _eiint18
                                  0000a6d0        a0   func ,g         1
  _eiint19
                                  0000a770        a0   func ,g         1
  _eiint20
                                  0000a810        a0   func ,g         1
  _eiint21
                                  0000a8b0        a0   func ,g         1
  _eiint22
                                  0000a950        a0   func ,g         1
  _eiint23
                                  0000a9f0        a0   func ,g         1
  _eiint24
                                  0000aa90        a0   func ,g         1
  _eiint25
                                  0000ab30        a0   func ,g         1
  _eiint26
                                  0000abd0        a0   func ,g         1
  _eiint27
                                  0000ac70        a0   func ,g         1
  _eiint28
                                  0000ad10        a0   func ,g         1
  _eiint29
                                  0000adb0        a0   func ,g         1
  _eiint30
                                  0000ae50        a0   func ,g         1
  _eiint31
                                  0000aef0        a0   func ,g         1
  _eiint32
                                  0000af90        a0   func ,g         1
  _eiint33
                                  0000b030        a0   func ,g         1
  _eiint34
                                  0000b0d0        a0   func ,g         0
  _eiint35
                                  0000b170        a0   func ,g         0
  _eiint36
                                  0000b210        a0   func ,g         0
  _eiint37
                                  0000b2b0        a0   func ,g         1
  _eiint38
                                  0000b350        a0   func ,g         1
  _eiint39
                                  0000b3f0        a0   func ,g         1
  _eiint40
                                  0000b490        a0   func ,g         1
  _eiint41
                                  0000b530        a0   func ,g         1
  _eiint42
                                  0000b5d0        a0   func ,g         1
  _eiint43
                                  0000b670        a0   func ,g         1
  _eiint44
                                  0000b710        a0   func ,g         1
  _eiint45
                                  0000b7b0        a0   func ,g         1
  _eiint46
                                  0000b850        a0   func ,g         1
  _eiint47
                                  0000b8f0        a0   func ,g         1
  _eiint48
                                  0000b990        a0   func ,g         1
  _eiint49
                                  0000ba30        a0   func ,g         1
  _eiint50
                                  0000bad0        a0   func ,g         1
  _eiint51
                                  0000bb70        a0   func ,g         1
  _eiint52
                                  0000bc10        a0   func ,g         1
  _eiint53
                                  0000bcb0        a0   func ,g         1
  _eiint54
                                  0000bd50        a0   func ,g         1
  _eiint55
                                  0000bdf0        a0   func ,g         1
  _eiint56
                                  0000be90        a0   func ,g         1
  _eiint57
                                  0000bf30        a0   func ,g         1
  _eiint58
                                  0000bfd0        a0   func ,g         1
  _eiint59
                                  0000c070        a0   func ,g         1
  _eiint60
                                  0000c110        a0   func ,g         1
  _eiint61
                                  0000c1b0        a0   func ,g         1
  _eiint62
                                  0000c250        a0   func ,g         1
  _eiint63
                                  0000c2f0        a0   func ,g         1
  _eiint64
                                  0000c390        a0   func ,g         1
  _eiint65
                                  0000c430        a0   func ,g         1
  _eiint66
                                  0000c4d0        a0   func ,g         1
  _eiint67
                                  0000c570        a0   func ,g         1
  _eiint68
                                  0000c610        a0   func ,g         1
  _eiint69
                                  0000c6b0        a0   func ,g         1
  _eiint70
                                  0000c750        a0   func ,g         1
  _eiint71
                                  0000c7f0        a0   func ,g         1
  _eiint72
                                  0000c890        a0   func ,g         1
  _eiint73
                                  0000c930        a0   func ,g         1
  _eiint74
                                  0000c9d0        a0   func ,g         1
  _eiint75
                                  0000ca70        a0   func ,g         1
  _eiint76
                                  0000cb10        a0   func ,g         1
  _eiint77
                                  0000cbb0        a0   func ,g         1
  _eiint78
                                  0000cc50        a0   func ,g         1
  _eiint79
                                  0000ccf0        a0   func ,g         1
  _eiint80
                                  0000cd90        a0   func ,g         0
  _eiint81
                                  0000ce30        a0   func ,g         1
  _eiint82
                                  0000ced0        a0   func ,g         1
  _eiint83
                                  0000cf70        a0   func ,g         1
  _eiint84
                                  0000d010        a0   func ,g         0
  _eiint85
                                  0000d0b0        a0   func ,g         1
  _eiint86
                                  0000d150        a0   func ,g         1
  _eiint87
                                  0000d1f0        a0   func ,g         1
  _eiint88
                                  0000d290        a0   func ,g         1
  _eiint89
                                  0000d330        a0   func ,g         1
  _eiint90
                                  0000d3d0        a0   func ,g         1
  _eiint91
                                  0000d470        a0   func ,g         1
  _eiint92
                                  0000d510        a0   func ,g         1
  _eiint93
                                  0000d5b0        a0   func ,g         1
  _eiint94
                                  0000d650        a0   func ,g         1
  _eiint95
                                  0000d6f0        a0   func ,g         1
  _eiint96
                                  0000d790        a0   func ,g         1
  _eiint97
                                  0000d830        a0   func ,g         1
  _eiint98
                                  0000d8d0        a0   func ,g         1
  _eiint99
                                  0000d970        a0   func ,g         1
  _eiint100
                                  0000da10        a0   func ,g         1
  _eiint101
                                  0000dab0        a0   func ,g         1
  _eiint102
                                  0000db50        a0   func ,g         1
  _eiint103
                                  0000dbf0        a0   func ,g         1
  _eiint104
                                  0000dc90        a0   func ,g         1
  _eiint105
                                  0000dd30        a0   func ,g         1
  _eiint106
                                  0000ddd0        a0   func ,g         1
  _eiint107
                                  0000de70        a0   func ,g         1
  _eiint108
                                  0000df10        a0   func ,g         1
  _eiint109
                                  0000dfb0        a0   func ,g         1
  _eiint110
                                  0000e050        a0   func ,g         1
  _eiint111
                                  0000e0f0        a0   func ,g         1
  _eiint112
                                  0000e190        a0   func ,g         1
  _eiint113
                                  0000e230        a0   func ,g         1
  _eiint114
                                  0000e2d0        a0   func ,g         1
  _eiint115
                                  0000e370        a0   func ,g         1
  _eiint116
                                  0000e410        a0   func ,g         1
  _eiint117
                                  0000e4b0        a0   func ,g         1
  _eiint118
                                  0000e550        a0   func ,g         1
  _eiint119
                                  0000e5f0        a0   func ,g         1
  _eiint120
                                  0000e690        a0   func ,g         1
  _eiint121
                                  0000e730        a0   func ,g         1
  _eiint122
                                  0000e7d0        a0   func ,g         1
  _eiint123
                                  0000e870        a0   func ,g         1
  _eiint124
                                  0000e910        a0   func ,g         1
  _eiint125
                                  0000e9b0        a0   func ,g         1
  _eiint126
                                  0000ea50        a0   func ,g         1
  _eiint127
                                  0000eaf0        a0   func ,g         1
  _eiint128
                                  0000eb90        a0   func ,g         1
  _eiint129
                                  0000ec30        a0   func ,g         1
  _eiint130
                                  0000ecd0        a0   func ,g         1
  _eiint131
                                  0000ed70        a0   func ,g         1
  _eiint132
                                  0000ee10        a0   func ,g         1
  _eiint133
                                  0000eeb0        a0   func ,g         1
  _eiint134
                                  0000ef50        a0   func ,g         1
  _eiint135
                                  0000eff0        a0   func ,g         1
  _eiint136
                                  0000f090        a0   func ,g         1
  _eiint137
                                  0000f130        a0   func ,g         1
  _eiint138
                                  0000f1d0        a0   func ,g         1
  _eiint139
                                  0000f270        a0   func ,g         1
  _eiint140
                                  0000f310        a0   func ,g         1
  _eiint141
                                  0000f3b0        a0   func ,g         1
  _eiint142
                                  0000f450        a0   func ,g         1
  _eiint143
                                  0000f4f0        a0   func ,g         1
  _eiint144
                                  0000f590        a0   func ,g         1
  _eiint145
                                  0000f630        a0   func ,g         1
  _eiint146
                                  0000f6d0        a0   func ,g         1
  _eiint147
                                  0000f770        a0   func ,g         1
  _eiint148
                                  0000f810        a0   func ,g         1
  _eiint149
                                  0000f8b0        a0   func ,g         1
  _eiint150
                                  0000f950        a0   func ,g         1
  _eiint151
                                  0000f9f0        a0   func ,g         1
  _eiint152
                                  0000fa90        a0   func ,g         1
  _eiint153
                                  0000fb30        a0   func ,g         1
  _eiint154
                                  0000fbd0        a0   func ,g         1
  _eiint155
                                  0000fc70        a0   func ,g         1
  _eiint156
                                  0000fd10        a0   func ,g         1
  _eiint157
                                  0000fdb0        a0   func ,g         1
  _eiint158
                                  0000fe50        a0   func ,g         1
  _eiint159
                                  0000fef0        a0   func ,g         1
  _eiint160
                                  0000ff90        a0   func ,g         1
  _eiint161
                                  00010030        a0   func ,g         1
  _eiint162
                                  000100d0        a0   func ,g         1
  _eiint163
                                  00010170        a0   func ,g         1
  _eiint164
                                  00010210        a0   func ,g         1
  _eiint165
                                  000102b0        a0   func ,g         1
  _eiint166
                                  00010350        a0   func ,g         1
  _eiint167
                                  000103f0        a0   func ,g         1
  _eiint168
                                  00010490        a0   func ,g         1
  _eiint169
                                  00010530        a0   func ,g         1
  _eiint170
                                  000105d0        a0   func ,g         1
  _eiint171
                                  00010670        a0   func ,g         1
  _eiint172
                                  00010710        a0   func ,g         1
  _eiint173
                                  000107b0        a0   func ,g         1
  _eiint174
                                  00010850        a0   func ,g         1
  _eiint175
                                  000108f0        a0   func ,g         1
  _eiint176
                                  00010990        a0   func ,g         1
  _eiint177
                                  00010a30        a0   func ,g         1
  _eiint178
                                  00010ad0        a0   func ,g         1
  _eiint179
                                  00010b70        a0   func ,g         1
  _eiint180
                                  00010c10        a0   func ,g         1
  _eiint181
                                  00010cb0        a0   func ,g         1
  _eiint182
                                  00010d50        a0   func ,g         1
  _eiint183
                                  00010df0        a0   func ,g         1
  _eiint184
                                  00010e90        a0   func ,g         1
  _eiint185
                                  00010f30        a0   func ,g         1
  _eiint186
                                  00010fd0        a0   func ,g         1
  _eiint187
                                  00011070        a0   func ,g         1
  _eiint188
                                  00011110        a0   func ,g         1
  _eiint189
                                  000111b0        a0   func ,g         1
  _eiint190
                                  00011250        a0   func ,g         1
  _eiint191
                                  000112f0        a0   func ,g         1
  _eiint192
                                  00011390        a0   func ,g         1
  _eiint193
                                  00011430        a0   func ,g         1
  _eiint194
                                  000114d0        a0   func ,g         1
  _eiint195
                                  00011570        a0   func ,g         1
  _eiint196
                                  00011610        a0   func ,g         1
  _eiint197
                                  000116b0        a0   func ,g         1
  _eiint198
                                  00011750        a0   func ,g         1
  _eiint199
                                  000117f0        a0   func ,g         1
  _eiint200
                                  00011890        a0   func ,g         1
  _eiint201
                                  00011930        a0   func ,g         1
  _eiint202
                                  000119d0        a0   func ,g         1
  _eiint203
                                  00011a70        a0   func ,g         1
  _eiint204
                                  00011b10        a0   func ,g         1
  _eiint205
                                  00011bb0        a0   func ,g         1
  _eiint206
                                  00011c50        a0   func ,g         1
  _eiint207
                                  00011cf0        a0   func ,g         1
  _eiint208
                                  00011d90        a0   func ,g         1
  _eiint209
                                  00011e30        a0   func ,g         1
  _eiint210
                                  00011ed0        a0   func ,g         1
  _eiint211
                                  00011f70        a0   func ,g         1
  _eiint212
                                  00012010        a0   func ,g         1
  _eiint213
                                  000120b0        a0   func ,g         1
  _eiint214
                                  00012150        a0   func ,g         1
  _eiint215
                                  000121f0        a0   func ,g         1
  _eiint216
                                  00012290        a0   func ,g         1
  _eiint217
                                  00012330        a0   func ,g         1
  _eiint218
                                  000123d0        a0   func ,g         1
  _eiint219
                                  00012470        a0   func ,g         1
  _eiint220
                                  00012510        a0   func ,g         1
  _eiint221
                                  000125b0        a0   func ,g         1
  _eiint222
                                  00012650        a0   func ,g         1
  _eiint223
                                  000126f0        a0   func ,g         1
  _eiint224
                                  00012790        a0   func ,g         1
  _eiint225
                                  00012830        a0   func ,g         1
  _eiint226
                                  000128d0        a0   func ,g         1
  _eiint227
                                  00012970        a0   func ,g         1
  _eiint228
                                  00012a10        a0   func ,g         1
  _eiint229
                                  00012ab0        a0   func ,g         1
  _eiint230
                                  00012b50        a0   func ,g         1
  _eiint231
                                  00012bf0        a0   func ,g         1
  _eiint232
                                  00012c90        a0   func ,g         1
  _eiint233
                                  00012d30        a0   func ,g         1
  _eiint234
                                  00012dd0        a0   func ,g         1
  _eiint235
                                  00012e70        a0   func ,g         1
  _eiint236
                                  00012f10        a0   func ,g         1
  _eiint237
                                  00012fb0        a0   func ,g         1
  _eiint238
                                  00013050        a0   func ,g         1
  _eiint239
                                  000130f0        a0   func ,g         1
  _eiint240
                                  00013190        a0   func ,g         1
  _eiint241
                                  00013230        a0   func ,g         1
  _eiint242
                                  000132d0        a0   func ,g         1
  _eiint243
                                  00013370        a0   func ,g         1
  _eiint244
                                  00013410        a0   func ,g         1
  _eiint245
                                  000134b0        a0   func ,g         1
  _eiint246
                                  00013550        a0   func ,g         1
  _eiint247
                                  000135f0        a0   func ,g         1
  _eiint248
                                  00013690        a0   func ,g         1
  _eiint249
                                  00013730        a0   func ,g         1
  _eiint250
                                  000137d0        a0   func ,g         1
  _eiint251
                                  00013870        a0   func ,g         1
  _eiint252
                                  00013910        a0   func ,g         1
  _eiint253
                                  000139b0        a0   func ,g         1
  _eiint254
                                  00013a50        a0   func ,g         1
  _eiint255
                                  00013af0        a0   func ,g         1
  _eiint256
                                  00013b90        a0   func ,g         1
  _eiint257
                                  00013c30        a0   func ,g         1
  _eiint258
                                  00013cd0        a0   func ,g         1
  _eiint259
                                  00013d70        a0   func ,g         1
  _eiint260
                                  00013e10        a0   func ,g         1
  _eiint261
                                  00013eb0        a0   func ,g         1
  _eiint262
                                  00013f50        a0   func ,g         1
  _eiint263
                                  00013ff0        a0   func ,g         1
  _eiint264
                                  00014090        a0   func ,g         1
  _eiint265
                                  00014130        a0   func ,g         1
  _eiint266
                                  000141d0        a0   func ,g         1
  _eiint267
                                  00014270        a0   func ,g         1
  _eiint268
                                  00014310        a0   func ,g         1
  _eiint269
                                  000143b0        a0   func ,g         1
  _eiint270
                                  00014450        a0   func ,g         1
  _eiint271
                                  000144f0        a0   func ,g         1
  _eiint272
                                  00014590        a0   func ,g         1
  _eiint273
                                  00014630        a0   func ,g         1
  _eiint274
                                  000146d0        a0   func ,g         1
  _eiint275
                                  00014770        a0   func ,g         1
  _eiint276
                                  00014810        a0   func ,g         1
  _eiint277
                                  000148b0        a0   func ,g         1
  _eiint278
                                  00014950        a0   func ,g         1
  _eiint279
                                  000149f0        a0   func ,g         1
  _eiint280
                                  00014a90        a0   func ,g         1
  _eiint281
                                  00014b30        a0   func ,g         1
  _eiint282
                                  00014bd0        a0   func ,g         1
  _eiint283
                                  00014c70        a0   func ,g         1
  _eiint284
                                  00014d10        a0   func ,g         1
  _eiint285
                                  00014db0        a0   func ,g         1
  _eiint286
                                  00014e50        a0   func ,g         1
  _eiint287
                                  00014ef0        a0   func ,g         1
  _eiint288
                                  00014f90        a0   func ,g         1
  _eiint289
                                  00015030        a0   func ,g         1
  _eiint290
                                  000150d0        a0   func ,g         1
  _eiint291
                                  00015170        a0   func ,g         1
  _eiint292
                                  00015210        a0   func ,g         1
  _eiint293
                                  000152b0        a0   func ,g         1
  _eiint294
                                  00015350        a0   func ,g         1
  _eiint295
                                  000153f0        a0   func ,g         1
  _eiint296
                                  00015490        a0   func ,g         1
  _eiint297
                                  00015530        a0   func ,g         1
  _eiint298
                                  000155d0        a0   func ,g         1
  _eiint299
                                  00015670        a0   func ,g         1
  _eiint300
                                  00015710        a0   func ,g         1
  _eiint301
                                  000157b0        a0   func ,g         1
  _eiint302
                                  00015850        a0   func ,g         1
  _eiint303
                                  000158f0        a0   func ,g         1
  _eiint304
                                  00015990        a0   func ,g         1
  _eiint305
                                  00015a30        a0   func ,g         1
  _eiint306
                                  00015ad0        a0   func ,g         1
  _eiint307
                                  00015b70        a0   func ,g         1
  _eiint308
                                  00015c10        a0   func ,g         1
  _eiint309
                                  00015cb0        a0   func ,g         1
  _eiint310
                                  00015d50        a0   func ,g         1
  _eiint311
                                  00015df0        a0   func ,g         1
  _eiint312
                                  00015e90        a0   func ,g         1
  _eiint313
                                  00015f30        a0   func ,g         1
  _eiint314
                                  00015fd0        a0   func ,g         1
  _eiint315
                                  00016070        a0   func ,g         1
  _eiint316
                                  00016110        a0   func ,g         1
  _eiint317
                                  000161b0        a0   func ,g         1
  _eiint318
                                  00016250        a0   func ,g         1
  _eiint319
                                  000162f0        a0   func ,g         1
  _eiint320
                                  00016390        a0   func ,g         1
  _eiint321
                                  00016430        a0   func ,g         1
  _eiint322
                                  000164d0        a0   func ,g         1
  _eiint323
                                  00016570        a0   func ,g         1
  _eiint324
                                  00016610        a0   func ,g         1
  _eiint325
                                  000166b0        a0   func ,g         1
  _eiint326
                                  00016750        a0   func ,g         1
  _eiint327
                                  000167f0        a0   func ,g         1
  _eiint328
                                  00016890        a0   func ,g         1
  _eiint329
                                  00016930        a0   func ,g         1
  _eiint330
                                  000169d0        a0   func ,g         1
  _eiint331
                                  00016a70        a0   func ,g         1
  _eiint332
                                  00016b10        a0   func ,g         1
  _eiint333
                                  00016bb0        a0   func ,g         1
  _eiint334
                                  00016c50        a0   func ,g         1
  _eiint335
                                  00016cf0        a0   func ,g         1
  _eiint336
                                  00016d90        a0   func ,g         1
  _eiint337
                                  00016e30        a0   func ,g         1
  _eiint338
                                  00016ed0        a0   func ,g         1
  _eiint339
                                  00016f70        a0   func ,g         1
  _eiint340
                                  00017010        a0   func ,g         1
  _eiint341
                                  000170b0        a0   func ,g         1
  _eiint342
                                  00017150        a0   func ,g         1
  _eiint343
                                  000171f0        a0   func ,g         1
  _eiint344
                                  00017290        a0   func ,g         1
  _eiint345
                                  00017330        a0   func ,g         1
  _eiint346
                                  000173d0        a0   func ,g         1
  _eiint347
                                  00017470        a0   func ,g         1
  _eiint348
                                  00017510        a0   func ,g         1
  _eiint349
                                  000175b0        a0   func ,g         1
  _eiint350
                                  00017650        a0   func ,g         1
  _eiint351
                                  000176f0        a0   func ,g         1
  _eiint352
                                  00017790        a0   func ,g         1
  _eiint353
                                  00017830        a0   func ,g         1
  _eiint354
                                  000178d0        a0   func ,g         1
  _eiint355
                                  00017970        a0   func ,g         1
  _eiint356
                                  00017a10        a0   func ,g         1
  _eiint357
                                  00017ab0        a0   func ,g         1
FILE=DefaultBuild\Pin.obj
                                  00017b50  00017e3d       2ee
  _R_Pins_Create
                                  00017b50       2ee   func ,g         0
FILE=DefaultBuild\custom_func.obj
                                  00017e3e  0001823f       402
  _ostmr_tick_counter
                                  00017e3e        10   func ,g         1
  _ostmr_1ms_IRQ
                                  00017e4e         c   func ,g         1
  _ostimer_dealyms
                                  00017e5a        26   func ,g         0
  _get_tick
                                  00017e80         a   func ,g         8
  _set_tick
                                  00017e8a         a   func ,g         1
  _tick_counter
                                  00017e94        28   func ,g         1
  _delay_ms
                                  00017ebc        34   func ,g         0
  _R_CANFD_Test
                                  00017ef0         4   func ,g         0
  _tmr_1ms_IRQ
                                  00017ef4        52   func ,g         1
  _loop
                                  00017f46       132   func ,g         1
  _UARTx_ErrorCheckProcess
                                  00018078        48   func ,g         1
  _UARTx_Process
                                  000180c0       102   func ,g         1
  _RH850_software_reset
                                  000181c2        2e   func ,g         1
  _RLIN3_UART_SendChar
                                  000181f0        12   func ,g         1
  _SendChar
                                  00018202         c   func ,g         1
  _hardware_init
                                  0001820e        32   func ,g         1
FILE=DefaultBuild\misc_config.obj
                                  00018240  00018559       31a
  _mask_to_length
                                  00018240        14   func ,g         0
  _convertToBin
                                  00018254        6e   func ,g         0
  _compare_buffer
                                  000182c2        76   func ,g         0
  _reset_buffer
                                  00018338        14   func ,g         0
  _copy_buffer
                                  0001834c        1c   func ,g         0
  _dump_buffer16
                                  00018368        58   func ,g         0
  _dump_buffer16_hex
                                  000183c0        a4   func ,g         0
  _dump_buffer8
                                  00018464        56   func ,g         0
  _dump_buffer8_hex
                                  000184ba        a0   func ,g         0
FILE=DefaultBuild\Config_UART0.obj
                                  0001855a  00018801       2a8
  _R_Config_UART0_Create
                                  0001855a       19e   func ,g         1
  _R_Config_UART0_Start
                                  000186f8        2a   func ,g         1
  _R_Config_UART0_Stop
                                  00018722        42   func ,g         0
  _R_Config_UART0_Receive
                                  00018764        36   func ,g         2
  _R_Config_UART0_Send
                                  0001879a        68   func ,g         0
FILE=DefaultBuild\Config_UART0_user.obj
                                  00018802  00018ac9       2c8
  _R_Config_UART0_Create_UserInit
                                  00018802         2   func ,g         1
  _r_Config_UART0_interrupt_receive
                                  00018804        ee   func ,g         1
  _r_Config_UART0_interrupt_error
                                  000188f2        c4   func ,g         1
  _r_Config_UART0_interrupt_send
                                  000189b6        d8   func ,g         1
  _r_Config_UART0_callback_sendend
                                  00018a8e         2   func ,g         1
  _r_Config_UART0_callback_error
                                  00018a90        18   func ,g         1
  _r_Config_UART0_callback_receiveend
                                  00018aa8        22   func ,g         1
FILE=DefaultBuild\retarget.obj
                                  00018aca  000195bf       af6
  _putchar
                                  00018aca        16   func ,g        1f
  _tiny_printf
                                  00018ae0       324   func ,g        86
  _print_char.1
                                  00018e04        4c   func ,l         1
  _print_string.1
                                  00018e50        82   func ,l         1
  _print_integer.1
                                  00018ed2       158   func ,l         1
  _print_unsigned.1
                                  0001902a       10e   func ,l         1
  _print_pointer.1
                                  00019138        b2   func ,l         1
  _print_float.1
                                  000191ea       3d6   func ,l         1
FILE=DefaultBuild\can.obj
                                  000195c0  0001b1f9      1c3a
  _CAN_GetConfig
                                  000195c0        18   func ,g         3
  _can_tx_buf_data_multi_send
                                  000195d8        a8   func ,g         8
  _can_rx_fifo_buf_int_check
                                  00019680        d4   func ,g         1
  _can_handle_init.1
                                  00019754        bc   func ,l         1
  _can_fifo_buffer_set.1
                                  00019810        90   func ,l         1
  _can_fifo_buffer_enable.1
                                  000198a0        1e   func ,l         1
  _can_init_rx_rule_table_page_setting.1
                                  000198be        76   func ,l         1
  _can_receive_rule_setting
                                  00019934        7c   func ,g         1
  _can_rrt_set_by_channel.1
                                  000199b0        ec   func ,l         2
  _can_start.1
                                  00019a9c        54   func ,l         1
  _can_syncp.1
                                  00019af0        10   func ,l         1
  _can_normal_mode_set.1
                                  00019b00       194   func ,l         1
  _can_rx_fifo_buf_int_check_all_channel
                                  00019c94        60   func ,g         1
  _can_rx_interrupt_cbk
                                  00019cf4         c   func ,g         1
  _can_rrt_set_all_channel
                                  00019d00        58   func ,g         1
  _can_init
                                  00019d58       11e   func ,g         1
  _R_CLKC_SetRscanClockDomain
                                  00019e76        5e   func ,g         0
  _can_global_error_interrupt
                                  00019ed4        3c   func ,g         0
  _can_rx_fifo_interrupt
                                  00019f10        a0   func ,g         0
  _R_CANFD_Interrupt_Control_Init
                                  00019fb0        26   func ,g         0
  _R_CANFD_Deinit
                                  00019fd6         2   func ,g         0
  _R_CANFD_GPIO_ALT_Init
                                  00019fd8        3e   func ,g         1
  _R_CANFD_Init
                                  0001a016        10   func ,g         1
  _can_reg_dump_log
                                  0001a026       194   func ,g         1
  _can_rx_buffer_set
                                  0001a1ba        1a   func ,g         1
  _can_tx_no_normal_buffer_set.1
                                  0001a1d4       124   func ,l         4
  _can_tx_normal_buffer4_set.1
                                  0001a2f8        ea   func ,l         1
  _can_tx_normal_buffer3_set.1
                                  0001a3e2        ee   func ,l         1
  _can_tx_normal_buffer2_set.1
                                  0001a4d0       10a   func ,l         1
  _can_tx_normal_buffer1_set.1
                                  0001a5da       110   func ,l         1
  _can_fd_receive_buffer_decode
                                  0001a6ea       2de   func ,g         1
  _can_fd_receive_fifo_buffer_decode
                                  0001a9c8       206   func ,g         1
  _can_fd_receive_fifo_buffer_status
                                  0001abce       162   func ,g         1
  _can_fd_receive_buffer_decode_all_channel
                                  0001ad30        5c   func ,g         1
  _can_tx_process
                                  0001ad8c       45e   func ,g         1
  _can_fd_loop_process
                                  0001b1ea        10   func ,g         1
FILE=DefaultBuild\r_port.obj
                                  0001b1fa  0001b89f       6a6
  _R_PORT_SetGpioOutput
                                  0001b1fa        5a   func ,g         0
  _R_PORT_ToggleGpioOutput
                                  0001b254        20   func ,g         0
  _R_PORT_SetGpioInput
                                  0001b274        3e   func ,g         0
  _R_PORT_SetGpioHighZ
                                  0001b2b2        30   func ,g         0
  _R_PORT_SetAltFunc
                                  0001b2e2       1e0   func ,g         4
  _R_PORT_GetLevel
                                  0001b4c2        24   func ,g         0
  _R_PORT_GetPort
                                  0001b4e6        14   func ,g         0
  _R_PORT_SetOpenDrain
                                  0001b4fa        60   func ,g         0
  _R_PORT_SetPushPull
                                  0001b55a        64   func ,g         0
  _R_PORT_ConnectPullUp
                                  0001b5be        20   func ,g         0
  _R_PORT_DisconnectPullUp
                                  0001b5de        22   func ,g         0
  _R_PORT_ConnectPullDown
                                  0001b600        20   func ,g         0
  _R_PORT_DisconnectPullDown
                                  0001b620        22   func ,g         0
  _R_PORT_SetAnalogFilter
                                  0001b642        1c   func ,g         0
  _R_PORT_SetDigitalFilter
                                  0001b65e        b6   func ,g         0
  _R_PORT_ResetDigitalFilter
                                  0001b714        86   func ,g         0
  _R_PORT_EnableIpControl
                                  0001b79a        20   func ,g         0
  _R_PORT_DisableIpControl
                                  0001b7ba        22   func ,g         0
  _R_PORT_EnableFastMode
                                  0001b7dc        60   func ,g         0
  _R_PORT_DisableFastMode
                                  0001b83c        64   func ,g         0
FILE=initsct_rh
                                  0001b8a0  0001b94f        b0
  __INITSCT_RH
                                  0001b8a0         0   none ,g         1
FILE=udiv64
                                  0001b950  0001b997        48
  __COM_udiv64
                                  0001b950         0   none ,g         3
FILE=urem64
                                  0001b998  0001ba3f        a8
  __COM_urem64
                                  0001b998         0   none ,g         3
FILE=udiv64core
                                  0001ba40  0001bc6b       22c
  __REL_zerodiv
                                  0001ba40         0   none ,g         0
  __REL_div641664
                                  0001ba46         0   none ,g         2
  __REL_div646416
                                  0001ba7c         0   none ,g         2
  __REL_div643248_4
                                  0001bab6         0   none ,g         2
  __REL_div644832_4
                                  0001bba0         0   none ,g         2

SECTION=.data
FILE=DefaultBuild\custom_func.obj
                                  0001bc6c  0001bc7d        12
FILE=DefaultBuild\can.obj
                                  0001bc80  0001bd0d        8e

SECTION=privateData.const
FILE=DefaultBuild\custom_func.obj
                                  0001bd10  0001bd10         1
  _dummy_3
                                  0001bd10         1   data ,g         0

SECTION=privateData.data
FILE=DefaultBuild\custom_func.obj
                                  0001bd14  0001bd14         1
  _dummy_2
                                  0001bd14         1   data ,g         0

SECTION=.data.R
FILE=DefaultBuild\custom_func.obj
                                  fede8000  fede8011        12
  _counter_tick
                                  fede8000         2   data ,g         7
  _ostmr_tick
                                  fede8004         4   data ,g         7
  _g_u32_counter
                                  fede8008         4   data ,g         3
  _g_u32_counter2
                                  fede800c         4   data ,g         3
  _UART0Manager
                                  fede8010         2   data ,g         7
    struct _uart_manager_t {
                                                   2
      _UART0Manager.g_uart0rxbuf
                                  fede8010         1   unsigned char
      _UART0Manager.g_uart0rxerr
                                  fede8011         1   unsigned char
    }
FILE=DefaultBuild\can.obj
                                  fede8014  fede80a1        8e
  _can_bus_variable_ch0
                                  fede8014        10   data ,g        18
    struct _can_bus_global_variable_t {
                                                  10
      _can_bus_variable_ch0.can_tx1_flag
                                  fede8014         1   unsigned char
      _can_bus_variable_ch0.can_tx2_flag
                                  fede8015         1   unsigned char
      _can_bus_variable_ch0.can_tx3_flag
                                  fede8016         1   unsigned char
      _can_bus_variable_ch0.can_tx4_flag
                                  fede8017         1   unsigned char
      _can_bus_variable_ch0.can_rx_flag
                                  fede8018         1   unsigned char
      _can_bus_variable_ch0.can_rx_polling_flag
                                  fede8019         1   unsigned char
      _can_bus_variable_ch0.can_rx_fifo_cnt
                                  fede801c         4   unsigned int
      _can_bus_variable_ch0.can_rx_isr_cnt
                                  fede8020         2   unsigned short
    }
  _can_bus_variable_ch2
                                  fede8024        10   data ,g        18
    struct _can_bus_global_variable_t {
                                                  10
      _can_bus_variable_ch2.can_tx1_flag
                                  fede8024         1   unsigned char
      _can_bus_variable_ch2.can_tx2_flag
                                  fede8025         1   unsigned char
      _can_bus_variable_ch2.can_tx3_flag
                                  fede8026         1   unsigned char
      _can_bus_variable_ch2.can_tx4_flag
                                  fede8027         1   unsigned char
      _can_bus_variable_ch2.can_rx_flag
                                  fede8028         1   unsigned char
      _can_bus_variable_ch2.can_rx_polling_flag
                                  fede8029         1   unsigned char
      _can_bus_variable_ch2.can_rx_fifo_cnt
                                  fede802c         4   unsigned int
      _can_bus_variable_ch2.can_rx_isr_cnt
                                  fede8030         2   unsigned short
    }
  _tbl_can_fifo_buffer_num
                                  fede8034        20   data ,g         1
  _tbl_can_dlc
                                  fede8054        40   data ,g         2
  _s_can_cfg.1
                                  fede8094         4   data ,l        12
  _s_can_cnt.2
                                  fede8098         4   data ,l         9
  _can_global_mode_start_once_flag.5.can_start.1
                                  fede809c         2   data ,l         4
  _init_once.7.can_init
                                  fede809e         1   data ,l         4
  _counter.8.can_tx_normal_buffer2_set.1
                                  fede809f         1   data ,l         8
  _counter.9.can_tx_normal_buffer1_set.1
                                  fede80a0         1   data ,l         8
  _count.10.can_tx_process
                                  fede80a1         1   data ,l        1e

SECTION=.bss
FILE=DefaultBuild\r_cg_cgc.obj
                                  fede80a4  fede80a7         4
  _g_cg_sync_read
                                  fede80a4         4   data ,g         f
FILE=DefaultBuild\custom_func.obj
                                  fede80a8  fede80ab         4
  _flag_PROJ_CTL
                                  fede80a8         4   data ,g        28
    struct flag_32bit {
                                                   4
      _flag_PROJ_CTL.bit0
                                  fede80a8         1   unsigned char:1(7)
      _flag_PROJ_CTL.bit1
                                  fede80a8         1   unsigned char:1(6)
      _flag_PROJ_CTL.bit2
                                  fede80a8         1   unsigned char:1(5)
      _flag_PROJ_CTL.bit3
                                  fede80a8         1   unsigned char:1(4)
      _flag_PROJ_CTL.bit4
                                  fede80a8         1   unsigned char:1(3)
      _flag_PROJ_CTL.bit5
                                  fede80a8         1   unsigned char:1(2)
      _flag_PROJ_CTL.bit6
                                  fede80a8         1   unsigned char:1(1)
      _flag_PROJ_CTL.bit7
                                  fede80a8         1   unsigned char:1(0)
      _flag_PROJ_CTL.bit8
                                  fede80a9         1   unsigned char:1(7)
      _flag_PROJ_CTL.bit9
                                  fede80a9         1   unsigned char:1(6)
      _flag_PROJ_CTL.bit10
                                  fede80a9         1   unsigned char:1(5)
      _flag_PROJ_CTL.bit11
                                  fede80a9         1   unsigned char:1(4)
      _flag_PROJ_CTL.bit12
                                  fede80a9         1   unsigned char:1(3)
      _flag_PROJ_CTL.bit13
                                  fede80a9         1   unsigned char:1(2)
      _flag_PROJ_CTL.bit14
                                  fede80a9         1   unsigned char:1(1)
      _flag_PROJ_CTL.bit15
                                  fede80a9         1   unsigned char:1(0)
      _flag_PROJ_CTL.bit16
                                  fede80aa         1   unsigned char:1(7)
      _flag_PROJ_CTL.bit17
                                  fede80aa         1   unsigned char:1(6)
      _flag_PROJ_CTL.bit18
                                  fede80aa         1   unsigned char:1(5)
      _flag_PROJ_CTL.bit19
                                  fede80aa         1   unsigned char:1(4)
      _flag_PROJ_CTL.bit20
                                  fede80aa         1   unsigned char:1(3)
      _flag_PROJ_CTL.bit21
                                  fede80aa         1   unsigned char:1(2)
      _flag_PROJ_CTL.bit22
                                  fede80aa         1   unsigned char:1(1)
      _flag_PROJ_CTL.bit23
                                  fede80aa         1   unsigned char:1(0)
      _flag_PROJ_CTL.bit24
                                  fede80ab         1   unsigned char:1(7)
      _flag_PROJ_CTL.bit25
                                  fede80ab         1   unsigned char:1(6)
      _flag_PROJ_CTL.bit26
                                  fede80ab         1   unsigned char:1(5)
      _flag_PROJ_CTL.bit27
                                  fede80ab         1   unsigned char:1(4)
      _flag_PROJ_CTL.bit28
                                  fede80ab         1   unsigned char:1(3)
      _flag_PROJ_CTL.bit29
                                  fede80ab         1   unsigned char:1(2)
      _flag_PROJ_CTL.bit30
                                  fede80ab         1   unsigned char:1(1)
      _flag_PROJ_CTL.bit31
                                  fede80ab         1   unsigned char:1(0)
    }
FILE=DefaultBuild\misc_config.obj
                                  fede80ac  fede80ac         1
  _flag_MISC_CTL
                                  fede80ac         1   data ,g         6
    struct flag_8bit {
                                                   1
      _flag_MISC_CTL.bit0
                                  fede80ac         1   unsigned char:1(7)
      _flag_MISC_CTL.bit1
                                  fede80ac         1   unsigned char:1(6)
      _flag_MISC_CTL.bit2
                                  fede80ac         1   unsigned char:1(5)
      _flag_MISC_CTL.bit3
                                  fede80ac         1   unsigned char:1(4)
      _flag_MISC_CTL.bit4
                                  fede80ac         1   unsigned char:1(3)
      _flag_MISC_CTL.bit5
                                  fede80ac         1   unsigned char:1(2)
      _flag_MISC_CTL.bit6
                                  fede80ac         1   unsigned char:1(1)
      _flag_MISC_CTL.bit7
                                  fede80ac         1   unsigned char:1(0)
    }
FILE=DefaultBuild\Config_UART0.obj
                                  fede80b0  fede80bf        10
  _gp_uart0_tx_address
                                  fede80b0         4   data ,g         a
  _g_uart0_tx_count
                                  fede80b4         2   data ,g         a
  _gp_uart0_rx_address
                                  fede80b8         4   data ,g         8
  _g_uart0_rx_count
                                  fede80bc         2   data ,g         8
  _g_uart0_rx_length
                                  fede80be         2   data ,g         6
FILE=DefaultBuild\can.obj
                                  fede80c0  fedee109      604a
  _can_bus_handle_ch0
                                  fede80c0      3024   data ,g         6
    struct  {
                                                3024
      _can_bus_handle_ch0.rrt_handle
                                  fede80c0       200
    struct  {
                                                  10
      _can_bus_handle_ch0.rrt_handle.id
                                  fede80c0         4
    union   {
                                                   4
      _can_bus_handle_ch0.rrt_handle.id.all
                                  fede80c0         4   unsigned long
      _can_bus_handle_ch0.rrt_handle.id.bit
                                  fede80c0         4
    struct  {
                                                   4
      _can_bus_handle_ch0.rrt_handle.id.bit.ID
                                  fede80c0         4   unsigned long:1d(3)
      _can_bus_handle_ch0.rrt_handle.id.bit.LB
                                  fede80c3         1   unsigned char:1(2)
      _can_bus_handle_ch0.rrt_handle.id.bit.RTR
                                  fede80c3         1   unsigned char:1(1)
      _can_bus_handle_ch0.rrt_handle.id.bit.IDE
                                  fede80c3         1   unsigned char:1(0)
    }
    }
      _can_bus_handle_ch0.rrt_handle.mask
                                  fede80c4         4
    union   {
                                                   4
      _can_bus_handle_ch0.rrt_handle.mask.all
                                  fede80c4         4   unsigned long
      _can_bus_handle_ch0.rrt_handle.mask.bit
                                  fede80c4         4
    struct  {
                                                   4
      _can_bus_handle_ch0.rrt_handle.mask.bit.MID
                                  fede80c4         4   unsigned long:1d(3)
      _can_bus_handle_ch0.rrt_handle.mask.bit.rsvd
                                  fede80c7         1   unsigned char:1(2)
      _can_bus_handle_ch0.rrt_handle.mask.bit.MRTR
                                  fede80c7         1   unsigned char:1(1)
      _can_bus_handle_ch0.rrt_handle.mask.bit.MIDE
                                  fede80c7         1   unsigned char:1(0)
    }
    }
      _can_bus_handle_ch0.rrt_handle.ptr0
                                  fede80c8         4
    union   {
                                                   4
      _can_bus_handle_ch0.rrt_handle.ptr0.all
                                  fede80c8         4   unsigned long
      _can_bus_handle_ch0.rrt_handle.ptr0.bit
                                  fede80c8         4
    struct  {
                                                   4
      _can_bus_handle_ch0.rrt_handle.ptr0.bit.DLC
                                  fede80c8         1   unsigned char:4(4)
      _can_bus_handle_ch0.rrt_handle.ptr0.bit.rsvd
                                  fede80c8         1   unsigned char:4(0)
      _can_bus_handle_ch0.rrt_handle.ptr0.bit.RMDP
                                  fede80c9         1   unsigned char:7(1)
      _can_bus_handle_ch0.rrt_handle.ptr0.bit.RMV
                                  fede80c9         1   unsigned char:1(0)
      _can_bus_handle_ch0.rrt_handle.ptr0.bit.PTR
                                  fede80ca         4   unsigned int:10(0)
    }
    }
      _can_bus_handle_ch0.rrt_handle.ptr1
                                  fede80cc         4
    union   {
                                                   4
      _can_bus_handle_ch0.rrt_handle.ptr1.all
                                  fede80cc         4   unsigned long
      _can_bus_handle_ch0.rrt_handle.ptr1.bit
                                  fede80cc         4
    struct  {
                                                   4
      _can_bus_handle_ch0.rrt_handle.ptr1.bit.FDPx
                                  fede80cc         4   unsigned int:8(0)
      _can_bus_handle_ch0.rrt_handle.ptr1.bit.FDPk
                                  fede80cd         4   unsigned int:18(0)
    }
    }
    }
      _can_bus_handle_ch0.rx_data
                                  fede82c0      2400
    struct  {
                                                  48
      _can_bus_handle_ch0.rx_data.data_u
                                  fede82c0        40
    union   {
                                                   4
      _can_bus_handle_ch0.rx_data.data_u.data_byte
                                  fede82c0         4   unsigned char
      _can_bus_handle_ch0.rx_data.data_u.data_dw
                                  fede82c0         4   unsigned int
    }
      _can_bus_handle_ch0.rx_data.dlc
                                  fede8300         4   unsigned int
      _can_bus_handle_ch0.rx_data.id
                                  fede8304         4
    union   {
                                                   4
      _can_bus_handle_ch0.rx_data.id.all
                                  fede8304         4   unsigned long
      _can_bus_handle_ch0.rx_data.id.bit
                                  fede8304         4
    struct  {
                                                   4
      _can_bus_handle_ch0.rx_data.id.bit.ID
                                  fede8304         4   unsigned long:1d(3)
      _can_bus_handle_ch0.rx_data.id.bit.LB
                                  fede8307         1   unsigned char:1(2)
      _can_bus_handle_ch0.rx_data.id.bit.RTR
                                  fede8307         1   unsigned char:1(1)
      _can_bus_handle_ch0.rx_data.id.bit.IDE
                                  fede8307         1   unsigned char:1(0)
    }
    }
    }
      _can_bus_handle_ch0.rx_data_cnt
                                  fedea6c0        20   unsigned int
      _can_bus_handle_ch0.rx_data_ack
                                  fedea6e0         1
    union   {
                                                   1
      _can_bus_handle_ch0.rx_data_ack.BIT
                                  fedea6e0         1
    struct  {
                                                   1
      _can_bus_handle_ch0.rx_data_ack.BIT.b0
                                  fedea6e0         1   unsigned char:1(7)
      _can_bus_handle_ch0.rx_data_ack.BIT.b1
                                  fedea6e0         1   unsigned char:1(6)
      _can_bus_handle_ch0.rx_data_ack.BIT.b2
                                  fedea6e0         1   unsigned char:1(5)
      _can_bus_handle_ch0.rx_data_ack.BIT.b3
                                  fedea6e0         1   unsigned char:1(4)
      _can_bus_handle_ch0.rx_data_ack.BIT.b4
                                  fedea6e0         1   unsigned char:1(3)
      _can_bus_handle_ch0.rx_data_ack.BIT.b5
                                  fedea6e0         1   unsigned char:1(2)
      _can_bus_handle_ch0.rx_data_ack.BIT.b6
                                  fedea6e0         1   unsigned char:1(1)
      _can_bus_handle_ch0.rx_data_ack.BIT.b7
                                  fedea6e0         1   unsigned char:1(0)
    }
      _can_bus_handle_ch0.rx_data_ack.bytes
                                  fedea6e0         1   unsigned char
    }
      _can_bus_handle_ch0.tx_handle
                                  fedea6e4       a00
    struct  {
                                                  50
      _can_bus_handle_ch0.tx_handle.id
                                  fedea6e4         4
    union   {
                                                   4
      _can_bus_handle_ch0.tx_handle.id.all
                                  fedea6e4         4   unsigned long
      _can_bus_handle_ch0.tx_handle.id.bit
                                  fedea6e4         4
    struct  {
                                                   4
      _can_bus_handle_ch0.tx_handle.id.bit.tmid
                                  fedea6e4         4   unsigned long:1d(3)
      _can_bus_handle_ch0.tx_handle.id.bit.hlen
                                  fedea6e7         1   unsigned char:1(2)
      _can_bus_handle_ch0.tx_handle.id.bit.rtr
                                  fedea6e7         1   unsigned char:1(1)
      _can_bus_handle_ch0.tx_handle.id.bit.ide
                                  fedea6e7         1   unsigned char:1(0)
    }
    }
      _can_bus_handle_ch0.tx_handle.ptr
                                  fedea6e8         4
    union   {
                                                   4
      _can_bus_handle_ch0.tx_handle.ptr.all
                                  fedea6e8         4   unsigned long
      _can_bus_handle_ch0.tx_handle.ptr.bit
                                  fedea6e8         4
    struct  {
                                                   4
      _can_bus_handle_ch0.tx_handle.ptr.bit.rsvd
                                  fedea6e8         4   unsigned int:1c(4)
      _can_bus_handle_ch0.tx_handle.ptr.bit.dlc
                                  fedea6eb         4   unsigned int:4(0)
    }
    }
      _can_bus_handle_ch0.tx_handle.df
                                  fedea6ec        40
    union   {
                                                   4
      _can_bus_handle_ch0.tx_handle.df.all
                                  fedea6ec         4   unsigned long
      _can_bus_handle_ch0.tx_handle.df.byte
                                  fedea6ec         4
    struct  {
                                                   4
      _can_bus_handle_ch0.tx_handle.df.byte.TMDB
                                  fedea6ec         4   unsigned char
    }
    }
      _can_bus_handle_ch0.tx_handle.tmc
                                  fedea72c         1
    union   {
                                                   1
      _can_bus_handle_ch0.tx_handle.tmc.all
                                  fedea72c         1   unsigned char
      _can_bus_handle_ch0.tx_handle.tmc.bit
                                  fedea72c         1
    struct  {
                                                   1
      _can_bus_handle_ch0.tx_handle.tmc.bit.tmtr
                                  fedea72c         1   unsigned char:1(7)
      _can_bus_handle_ch0.tx_handle.tmc.bit.tmtar
                                  fedea72c         1   unsigned char:1(6)
      _can_bus_handle_ch0.tx_handle.tmc.bit.tmom
                                  fedea72c         1   unsigned char:1(5)
      _can_bus_handle_ch0.tx_handle.tmc.bit.rsvd
                                  fedea72c         1   unsigned char:5(0)
    }
    }
      _can_bus_handle_ch0.tx_handle.tmfdctr
                                  fedea730         4
    union   {
                                                   4
      _can_bus_handle_ch0.tx_handle.tmfdctr.all
                                  fedea730         4   unsigned long
      _can_bus_handle_ch0.tx_handle.tmfdctr.bit
                                  fedea730         4
    struct  {
                                                   4
      _can_bus_handle_ch0.tx_handle.tmfdctr.bit.tmesi
                                  fedea730         1   unsigned char:1(7)
      _can_bus_handle_ch0.tx_handle.tmfdctr.bit.tmbrs
                                  fedea730         1   unsigned char:1(6)
      _can_bus_handle_ch0.tx_handle.tmfdctr.bit.tmfdf
[...]
                                          0020(0001a85b:.text)
                                          0020(0001a86d:.text)
                                          0020(0001a87f:.text)
                                          0020(0001a897:.text)
                                          0020(0001a8a5:.text)
                                          0020(0001a8b5:.text)
                                          0020(0001a8c7:.text)
                                          0020(0001a8d7:.text)
                                          0020(0001a8e7:.text)
                                          0020(0001a8fd:.text)
                                          0020(0001a919:.text)
                                          0020(0001a92f:.text)
                                          0020(0001a94b:.text)
                                          0020(0001a95f:.text)
                                          0020(0001a97b:.text)
                                          0020(0001a985:.text)
                                          0020(0001a9a5:.text)
                                          0020(0001a9b9:.text)
                                          0020(0001a9d7:.text)
                                          0020(0001a9f7:.text)
                                          0020(0001aa09:.text)
                                          0020(0001aa25:.text)
                                          0020(0001aa3b:.text)
                                          0020(0001aa57:.text)
                                          0020(0001aa6d:.text)
                                          0020(0001aa7f:.text)
                                          0020(0001aa91:.text)
                                          0020(0001aaa9:.text)
                                          0020(0001aab7:.text)
                                          0020(0001aac7:.text)
                                          0020(0001aad9:.text)
                                          0020(0001aae9:.text)
                                          0020(0001aaf9:.text)
                                          0020(0001ab0f:.text)
                                          0020(0001ab2b:.text)
                                          0020(0001ab41:.text)
                                          0020(0001ab5d:.text)
                                          0020(0001ab71:.text)
                                          0020(0001ab8d:.text)
                                          0020(0001ab97:.text)
                                          0020(0001abbd:.text)
                                          0020(0001ac0f:.text)
                                          0020(0001ac29:.text)
                                          0020(0001ac3b:.text)
                                          0020(0001ac51:.text)
                                          0020(0001ac6d:.text)
                                          0020(0001ac8d:.text)
                                          0020(0001aca9:.text)
                                          0020(0001acc9:.text)
                                          0020(0001ace5:.text)
                                          0020(0001acf9:.text)
                                          0020(0001ad15:.text)
                                          0020(0001ad29:.text)
                                          0020(0001ae3f:.text)
                                          0020(0001aed3:.text)
                                          0020(0001af27:.text)
                                          0020(0001af79:.text)
                                          0020(0001b015:.text)
                                          0020(0001b0b1:.text)
                                          0020(0001b14b:.text)
                                          0020(0001b1e3:.text)
     SECTION=.const
0020 can
     SECTION=.const
                 _can_bus_parameter_ch0
                                 000081a4 0020(00019d06:.text)
                                          0020(00019d0a:.text)
                                          0020(0001adfe:.text)
                                          0020(0001ae92:.text)
                                          0020(0001aeec:.text)
                                          0020(0001af40:.text)
                                          0020(000085c8:.const)
                 _can_bus_rx_rule_tbl_ch0
                                 000081d0 0020(00019d16:.text)
                                          0020(000085cc:.const)
                 _can_bus_parameter_ch2
                                 000082d0 0020(00019d32:.text)
                                          0020(00019d36:.text)
                                          0020(0001afce:.text)
                                          0020(0001b06a:.text)
                                          0020(0001b104:.text)
                                          0020(0001b19e:.text)
                                          0020(000085e4:.const)
                 _can_bus_rx_rule_tbl_ch2
                                 000082fc 0020(00019d3e:.text)
                                          0020(000085e8:.const)
     SECTION=.text
                 _CAN_GetConfig
                                 000195c0 0020(00019caf:.text)
                                          0020(00019d73:.text)
                                          0020(0001ad4b:.text)
                 _can_tx_buf_data_multi_send
                                 000195d8 0020(0001ae35:.text)
                                          0020(0001aec9:.text)
                                          0020(0001af1d:.text)
                                          0020(0001af6f:.text)
                                          0020(0001b00b:.text)
                                          0020(0001b0a7:.text)
                                          0020(0001b141:.text)
                                          0020(0001b1d9:.text)
                 _can_rx_fifo_buf_int_check
                                 00019680 0020(00019cdf:.text)
                 _can_receive_rule_setting
                                 00019934 0020(00019a6f:.text)
                 _can_rx_fifo_buf_int_check_all_channel
                                 00019c94 0020(00019cf9:.text)
                 _can_rx_interrupt_cbk
                                 00019cf4 0020(00019f5d:.text)
                 _can_rrt_set_all_channel
                                 00019d00 0020(00019e09:.text)
                 _can_init
                                 00019d58 0020(0001a01f:.text)
                 _R_CLKC_SetRscanClockDomain
                                 00019e76
                 _can_global_error_interrupt
                                 00019ed4
                 _can_rx_fifo_interrupt
                                 00019f10
                 _R_CANFD_Interrupt_Control_Init
                                 00019fb0
                 _R_CANFD_Deinit
                                 00019fd6
                 _R_CANFD_GPIO_ALT_Init
                                 00019fd8 0020(0001a01b:.text)
                 _R_CANFD_Init
                                 0001a016 0015(0001822f:.text)
                 _can_reg_dump_log
                                 0001a026 0020(00019e6f:.text)
                 _can_rx_buffer_set
                                 0001a1ba 0020(00019def:.text)
                 _can_fd_receive_buffer_decode
                                 0001a6ea 0020(0001ad77:.text)
                 _can_fd_receive_fifo_buffer_decode
                                 0001a9c8 0020(000196ab:.text)
                 _can_fd_receive_fifo_buffer_status
                                 0001abce 0020(000196b3:.text)
                 _can_fd_receive_buffer_decode_all_channel
                                 0001ad30 0020(0001b1ef:.text)
                 _can_tx_process
                                 0001ad8c 0020(0001b1f3:.text)
                 _can_fd_loop_process
                                 0001b1ea 0015(00018071:.text)
     SECTION=.data.R
                 _can_bus_variable_ch0
                                 fede8014 0015(00017f8c:.text)
                                          0015(00017f92:.text)
                                          0015(00017faa:.text)
                                          0015(00017fb0:.text)
                                          0015(00017fc8:.text)
                                          0015(00017fce:.text)
                                          0015(00017fe6:.text)
                                          0015(00017fec:.text)
                                          0020(0001adae:.text)
                                          0020(0001adb1:.text)
                                          0020(0001adba:.text)
                                          0020(0001adbe:.text)
                                          0020(0001ae44:.text)
                                          0020(0001ae47:.text)
                                          0020(0001ae50:.text)
                                          0020(0001ae54:.text)
                                          0020(0001aed8:.text)
                                          0020(0001aedb:.text)
                                          0020(0001aee4:.text)
                                          0020(0001aee8:.text)
                                          0020(0001af2c:.text)
                                          0020(0001af2f:.text)
                                          0020(0001af38:.text)
                                          0020(0001af3c:.text)
                 _can_bus_variable_ch2
                                 fede8024 0015(00018004:.text)
                                          0015(0001800a:.text)
                                          0015(00018022:.text)
                                          0015(00018028:.text)
                                          0015(00018040:.text)
                                          0015(00018046:.text)
                                          0015(0001805e:.text)
                                          0015(00018064:.text)
                                          0020(0001af7e:.text)
                                          0020(0001af81:.text)
                                          0020(0001af8a:.text)
                                          0020(0001af8e:.text)
                                          0020(0001b01a:.text)
                                          0020(0001b01d:.text)
                                          0020(0001b026:.text)
                                          0020(0001b02a:.text)
                                          0020(0001b0b6:.text)
                                          0020(0001b0b9:.text)
                                          0020(0001b0c2:.text)
                                          0020(0001b0c6:.text)
                                          0020(0001b150:.text)
                                          0020(0001b153:.text)
                                          0020(0001b15c:.text)
                                          0020(0001b160:.text)
                 _tbl_can_fifo_buffer_num
                                 fede8034 0020(0001a744:.text)
                 _tbl_can_dlc
                                 fede8054 0020(0001a886:.text)
                                          0020(0001aa98:.text)
     SECTION=.bss
                 _can_bus_handle_ch0
                                 fede80c0 0020(00019d26:.text)
                                          0020(0001ae10:.text)
                                          0020(0001aea4:.text)
                                          0020(0001aef8:.text)
                                          0020(0001af4a:.text)
                                          0020(000085c4:.const)
                 _can_bus_handle_ch2
                                 fedeb0e4 0020(00019d4a:.text)
                                          0020(0001afe8:.text)
                                          0020(0001b084:.text)
                                          0020(0001b11e:.text)
                                          0020(0001b1b6:.text)
                                          0020(000085e0:.const)
     SECTION=.data
0021 r_port
     SECTION=.text
                 _R_PORT_SetGpioOutput
                                 0001b1fa
                 _R_PORT_ToggleGpioOutput
                                 0001b254
                 _R_PORT_SetGpioInput
                                 0001b274
                 _R_PORT_SetGpioHighZ
                                 0001b2b2
                 _R_PORT_SetAltFunc
                                 0001b2e2 0020(00019feb:.text)
                                          0020(00019ff7:.text)
                                          0020(0001a003:.text)
                                          0020(0001a00f:.text)
                 _R_PORT_GetLevel
                                 0001b4c2
                 _R_PORT_GetPort
                                 0001b4e6
                 _R_PORT_SetOpenDrain
                                 0001b4fa
                 _R_PORT_SetPushPull
                                 0001b55a
                 _R_PORT_ConnectPullUp
                                 0001b5be
                 _R_PORT_DisconnectPullUp
                                 0001b5de
                 _R_PORT_ConnectPullDown
                                 0001b600
                 _R_PORT_DisconnectPullDown
                                 0001b620
                 _R_PORT_SetAnalogFilter
                                 0001b642
                 _R_PORT_SetDigitalFilter
                                 0001b65e
                 _R_PORT_ResetDigitalFilter
                                 0001b714
                 _R_PORT_EnableIpControl
                                 0001b79a
                 _R_PORT_DisableIpControl
                                 0001b7ba
                 _R_PORT_EnableFastMode
                                 0001b7dc
                 _R_PORT_DisableFastMode
                                 0001b83c
     SECTION=.const
0022 initsct_rh
     SECTION=.text
                 __INITSCT_RH
                                 0001b8a0 0002(000092fa:.text)
0023 udiv64
     SECTION=.text
                 __COM_udiv64
                                 0001b950 0019(00018f4f:.text)
                                          0019(00019099:.text)
                                          0019(0001943f:.text)
0024 urem64
     SECTION=.text
                 __COM_urem64
                                 0001b998 0019(00018f1b:.text)
                                          0019(00019065:.text)
                                          0019(00019425:.text)
0025 udiv64core
     SECTION=.text
                 __REL_zerodiv
                                 0001ba40
                 __REL_div641664
                                 0001ba46 0023(0001b96f:.text)
                                          0024(0001b9c7:.text)
                 __REL_div646416
                                 0001ba7c 0023(0001b98f:.text)
                                          0024(0001ba17:.text)
                 __REL_div643248_4
                                 0001bab6 0023(0001b973:.text)
                                          0024(0001b9e3:.text)
                 __REL_div644832_4
                                 0001bba0 0023(0001b98b:.text)
                                          0024(0001ba11:.text)
0026 rlink_generates_01
     SECTION=
                 __gp_data
                                 00000000 0002(000092d6:.text)
                 __ep_data
                                 00000000 0002(000092dc:.text)
0027 rlink_generates_02
     SECTION=
                 __sRESET
                                 00000000
                 __SRESET
                                 00000000
                 __eRESET
                                 000001f8
                 __ERESET
                                 000001f8
                 __sEIINTTBL.const
                                 00000200 0001(00009284:.text)
                 __SEIINTTBL_const
                                 00000200
                 __eEIINTTBL.const
                                 00000798
                 __EEIINTTBL_const
                                 00000798
                 __s.const
                                 00008000
                 __S_const
                                 00008000
                 __e.const
                                 00009220
                 __E_const
                                 00009220
                 __s.INIT_DSEC.const
                                 00009220 0002(000092e2:.text)
                 __S_INIT_DSEC_const
                                 00009220
                 __e.INIT_DSEC.const
                                 0000922c 0002(000092e8:.text)
                 __E_INIT_DSEC_const
                                 0000922c
                 __s.INIT_BSEC.const
                                 0000922c 0002(000092ee:.text)
                 __S_INIT_BSEC_const
                                 0000922c
                 __s.text
                                 00009234
                 __S_text
                                 00009234
                 __e.INIT_BSEC.const
                                 00009234 0002(000092f4:.text)
                 __E_INIT_BSEC_const
                                 00009234
                 __e.text
                                 0001bc6c
                 __E_text
                                 0001bc6c
                 __s.data
                                 0001bc6c 0002(00009220:.INIT_DSEC.const)
                 __S_data
                                 0001bc6c
                 __e.data
                                 0001bd0e 0002(00009224:.INIT_DSEC.const)
                 __E_data
                                 0001bd0e
                 __sprivateData.const
                                 0001bd10
                 __SprivateData_const
                                 0001bd10
                 __eprivateData.const
                                 0001bd11
                 __EprivateData_const
                                 0001bd11
                 __sprivateData.data
                                 0001bd14
                 __SprivateData_data
                                 0001bd14
                 __eprivateData.data
                                 0001bd15
                 __EprivateData_data
                                 0001bd15
                 __s.data.R
                                 fede8000 0002(00009228:.INIT_DSEC.const)
                 __S_data_R
                                 fede8000
                 __e.data.R
                                 fede80a2
                 __E_data_R
                                 fede80a2
                 __s.bss
                                 fede80a4 0002(0000922c:.INIT_BSEC.const)
                 __S_bss
                                 fede80a4
                 __e.bss
                                 fedee10a 0002(00009230:.INIT_BSEC.const)
                 __E_bss
                                 fedee10a
                 __s.stack.bss
                                 fedee10c
                 __S_stack_bss
                                 fedee10c
                 __e.stack.bss
                                 fedee90c
                 __E_stack_bss
                                 fedee90c
                 __sprivateData.bss
                                 fedee90c
                 __SprivateData_bss
                                 fedee90c
                 __eprivateData.bss
                                 fedee90d
                 __EprivateData_bss
                                 fedee90d
